node.exe : FAIL apps/api/tests/c
ontrollers/projectController.tes
t.ts
At C:\Program 
Files\nodejs\npx.ps1:29 char:3
+   & $NODE_EXE $NPX_CLI_JS 
$args
+   
~~~~~~~~~~~~~~~~~~~~~~~~~~~~~
    + CategoryInfo          : N 
   otSpecified: (FAIL apps/api  
  /t...troller.test.ts:String   
 ) [], RemoteException
    + FullyQualifiedErrorId : N 
   ativeCommandError
 
  ΓùÅ Test suite failed to run

    Jest encountered an 
unexpected token

    Jest failed to parse a 
file. This happens e.g. when 
your code or its dependencies 
use non-standard JavaScript 
syntax, or when Jest is not 
configured to support such 
syntax.

    Out of the box Jest 
supports Babel, which will be 
used to transform your files 
into valid JS based on your 
Babel configuration.

    By default "node_modules" 
folder is ignored by 
transformers.

    Here's what you can do:
     ΓÇó If you are trying to 
use ECMAScript Modules, see http
s://jestjs.io/docs/ecmascript-mo
dules for how to enable it.
     ΓÇó If you are trying to 
use TypeScript, see https://jest
js.io/docs/getting-started#using
-typescript
     ΓÇó To have some of your 
"node_modules" files 
transformed, you can specify a 
custom 
"transformIgnorePatterns" in 
your config.
     ΓÇó If you need a custom 
transformation, specify a 
"transform" option in your 
config.
     ΓÇó If you simply want to 
mock your non-JS modules (e.g. 
binary assets) you can stub 
them out with the 
"moduleNameMapper" config 
option.

    You'll find more details 
and examples of these config 
options in the docs:
    https://jestjs.io/docs/confi
guration
    For information about 
custom transformations, see:
    https://jestjs.io/docs/code-
transformation

    Details:

    SyntaxError: C:\Users\asus\O
neDrive\Documents\code zone\utsu
kushiiai\utsukushiiai-2\apps\api
\tests\controllers\projectContro
ller.test.ts: Missing 
semicolon. (10:13)

    [0m [90m  8 |[39m
     [90m  9 |[39m 
describe([32m"Project 
Controller"[39m[33m,[39m () 
[33m=>[39m {
    [31m[1m>[22m[39m[90m 
10 |[39m   [36mlet[39m 
mockReq[33m:[39m [33mPartial
[39m[33m<[39m[33mRequest[39m
[33m>[39m[33m;[39m
     [90m    |[39m            
  [31m[1m^[22m[39m
     [90m 11 |[39m   
[36mlet[39m 
mockRes[33m:[39m [33mPartial
[39m[33m<[39m[33mResponse[39
m[33m>[39m[33m;[39m
     [90m 12 |[39m   
[36mlet[39m 
mockNext[33m:[39m jest[33m.[
39m[33mMock[39m[33m;[39m
     [90m 13 |[39m[0m

      at constructor (node_modul
es/@babel/parser/src/parse-error
.ts:95:45)
      at Parser.toParseError 
[as raise] (node_modules/@babel/
parser/src/tokenizer/index.ts:15
04:19)
      at Parser.raise [as 
semicolon] (node_modules/@babel/
parser/src/parser/util.ts:149:10
)
      at Parser.semicolon [as 
parseVarStatement] (node_modules
/@babel/parser/src/parser/statem
ent.ts:1252:10)
      at 
Parser.parseVarStatement [as 
parseStatementContent] (node_mod
ules/@babel/parser/src/parser/st
atement.ts:612:21)
      at 
Parser.parseStatementContent 
[as parseStatementLike] (node_mo
dules/@babel/parser/src/parser/s
tatement.ts:482:17)
      at 
Parser.parseStatementLike [as 
parseStatementListItem] (node_mo
dules/@babel/parser/src/parser/s
tatement.ts:431:17)
      at 
Parser.parseStatementListItem 
[as 
parseBlockOrModuleBlockBody] (no
de_modules/@babel/parser/src/par
ser/statement.ts:1444:16)
      at Parser.parseBlockOrModu
leBlockBody [as parseBlockBody] 
(node_modules/@babel/parser/src/
parser/statement.ts:1417:10)
      at Parser.parseBlockBody 
[as parseBlock] (node_modules/@b
abel/parser/src/parser/statement
.ts:1385:10)
      at Parser.parseBlock [as 
parseFunctionBody] (node_modules
/@babel/parser/src/parser/expres
sion.ts:2618:24)
      at 
Parser.parseFunctionBody [as 
parseArrowExpression] (node_modu
les/@babel/parser/src/parser/exp
ression.ts:2559:10)
      at 
Parser.parseArrowExpression [as 
parseParenAndDistinguishExpressi
on] (node_modules/@babel/parser/
src/parser/expression.ts:1847:12
)
      at Parser.parseParenAndDis
tinguishExpression [as 
parseExprAtom] (node_modules/@ba
bel/parser/src/parser/expression
.ts:1170:21)
      at Parser.parseExprAtom 
[as parseExprSubscripts] (node_m
odules/@babel/parser/src/parser/
expression.ts:742:23)
      at 
Parser.parseExprSubscripts [as 
parseUpdate] (node_modules/@babe
l/parser/src/parser/expression.t
s:721:21)
      at Parser.parseUpdate [as 
parseMaybeUnary] (node_modules/@
babel/parser/src/parser/expressi
on.ts:683:23)
      at Parser.parseMaybeUnary 
[as parseMaybeUnaryOrPrivate] (n
ode_modules/@babel/parser/src/pa
rser/expression.ts:417:14)
      at 
Parser.parseMaybeUnaryOrPrivate 
[as parseExprOps] (node_modules/
@babel/parser/src/parser/express
ion.ts:429:23)
      at Parser.parseExprOps 
[as parseMaybeConditional] (node
_modules/@babel/parser/src/parse
r/expression.ts:384:23)
      at 
Parser.parseMaybeConditional 
[as parseMaybeAssign] (node_modu
les/@babel/parser/src/parser/exp
ression.ts:301:21)
      at parseMaybeAssign (node_
modules/@babel/parser/src/parser
/expression.ts:257:12)
      at Parser.callback [as 
allowInAnd] (node_modules/@babel
/parser/src/parser/expression.ts
:3194:12)
      at Parser.allowInAnd [as 
parseMaybeAssignAllowIn] (node_m
odules/@babel/parser/src/parser/
expression.ts:256:17)
      at 
Parser.parseMaybeAssignAllowIn 
[as parseMaybeAssignAllowInOrVoi
dPattern] (node_modules/@babel/p
arser/src/parser/expression.ts:3
308:17)
      at Parser.parseMaybeAssign
AllowInOrVoidPattern [as 
parseExprListItem] (node_modules
/@babel/parser/src/parser/expres
sion.ts:2790:18)
      at 
Parser.parseExprListItem [as 
parseCallExpressionArguments] (n
ode_modules/@babel/parser/src/pa
rser/expression.ts:1042:14)
      at Parser.parseCallExpress
ionArguments [as parseCoverCallA
ndAsyncArrowHead] (node_modules/
@babel/parser/src/parser/express
ion.ts:922:29)
      at Parser.parseCoverCallAn
dAsyncArrowHead [as 
parseSubscript] (node_modules/@b
abel/parser/src/parser/expressio
n.ts:804:19)
      at Parser.parseSubscript 
[as parseSubscripts] (node_modul
es/@babel/parser/src/parser/expr
ession.ts:763:19)
      at Parser.parseSubscripts 
[as parseExprSubscripts] (node_m
odules/@babel/parser/src/parser/
expression.ts:748:17)
      at 
Parser.parseExprSubscripts [as 
parseUpdate] (node_modules/@babe
l/parser/src/parser/expression.t
s:721:21)
      at Parser.parseUpdate [as 
parseMaybeUnary] (node_modules/@
babel/parser/src/parser/expressi
on.ts:683:23)
      at Parser.parseMaybeUnary 
[as parseMaybeUnaryOrPrivate] (n
ode_modules/@babel/parser/src/pa
rser/expression.ts:417:14)
      at 
Parser.parseMaybeUnaryOrPrivate 
[as parseExprOps] (node_modules/
@babel/parser/src/parser/express
ion.ts:429:23)
      at Parser.parseExprOps 
[as parseMaybeConditional] (node
_modules/@babel/parser/src/parse
r/expression.ts:384:23)
      at 
Parser.parseMaybeConditional 
[as parseMaybeAssign] (node_modu
les/@babel/parser/src/parser/exp
ression.ts:301:21)
      at 
Parser.parseMaybeAssign [as 
parseExpressionBase] (node_modul
es/@babel/parser/src/parser/expr
ession.ts:226:23)
      at parseExpressionBase (no
de_modules/@babel/parser/src/par
ser/expression.ts:217:39)
      at Parser.callback [as 
allowInAnd] (node_modules/@babel
/parser/src/parser/expression.ts
:3189:16)
      at Parser.allowInAnd [as 
parseExpression] (node_modules/@
babel/parser/src/parser/expressi
on.ts:217:17)
      at Parser.parseExpression 
[as parseStatementContent] (node
_modules/@babel/parser/src/parse
r/statement.ts:688:23)
      at 
Parser.parseStatementContent 
[as parseStatementLike] (node_mo
dules/@babel/parser/src/parser/s
tatement.ts:482:17)
      at 
Parser.parseStatementLike [as 
parseModuleItem] (node_modules/@
babel/parser/src/parser/statemen
t.ts:419:17)
      at Parser.parseModuleItem 
[as 
parseBlockOrModuleBlockBody] (no
de_modules/@babel/parser/src/par
ser/statement.ts:1443:16)
      at Parser.parseBlockOrModu
leBlockBody [as parseBlockBody] 
(node_modules/@babel/parser/src/
parser/statement.ts:1417:10)
      at Parser.parseBlockBody 
[as parseProgram] (node_modules/
@babel/parser/src/parser/stateme
nt.ts:229:10)
      at Parser.parseProgram 
[as parseTopLevel] (node_modules
/@babel/parser/src/parser/statem
ent.ts:203:25)
      at Parser.parseTopLevel 
[as parse] (node_modules/@babel/
parser/src/parser/index.ts:83:25
)
      at parse (node_modules/@ba
bel/parser/src/index.ts:86:38)
      at parser (node_modules/@b
abel/core/src/parser/index.ts:29
:19)
          at parser.next 
(<anonymous>)
      at normalizeFile (node_mod
ules/@babel/core/src/transformat
ion/normalize-file.ts:50:24)
          at normalizeFile.next 
(<anonymous>)
      at run (node_modules/@babe
l/core/src/transformation/index.
ts:41:36)
          at run.next 
(<anonymous>)
      at transform (node_modules
/@babel/core/src/transform.ts:29
:20)
          at transform.next 
(<anonymous>)
      at evaluateSync (node_modu
les/gensync/index.js:251:28)
      at sync (node_modules/gens
ync/index.js:89:14)
      at fn (node_modules/@babel
/core/src/errors/rewrite-stack-t
race.ts:99:14)
      at transformSync (node_mod
ules/@babel/core/src/transform.t
s:66:52)
      at ScriptTransformer.trans
formSource (node_modules/@jest/t
ransform/build/index.js:422:31)
      at ScriptTransformer._tran
sformAndBuildScript (node_module
s/@jest/transform/build/index.js
:519:40)
      at 
ScriptTransformer.transform (nod
e_modules/@jest/transform/build/
index.js:558:19)

Test Suites: 1 failed, 1 total
Tests:       0 total
Snapshots:   0 total
Time:        1.233 s
Ran all test suites matching app
s/api/tests/controllers/projectC
ontroller.test.ts.
